Time resolution is 1 ps
[P2] t=132124000 L3_RD counter=0 | BRAM_W3_ADDR=0 BRAM_W3_DOUT=caf2e4e9 wcache_indx=0
[P2] t=132140000 L3_RD counter=1 | BRAM_W3_ADDR=1 BRAM_W3_DOUT=caf2e4e9 wcache_indx=0
[L3_RD] t=132140000 ch_batch=0 dense_cnt=0 | pe_pre_in[0..7]: 0 7 1 0 0 0 0 0
[P2] t=132155000 L3_RD counter=2 | BRAM_W3_ADDR=2 BRAM_W3_DOUT=0cdbdb53 wcache_indx=4
[P2] t=132171000 L3_RD counter=3 | BRAM_W3_ADDR=3 BRAM_W3_DOUT=0cb6b709 wcache_indx=8
[P2] t=132186000 L3_RD counter=4 | BRAM_W3_ADDR=4 BRAM_W3_DOUT=e7def71a wcache_indx=12
[P2] t=132201000 L3_RD counter=5 | BRAM_W3_ADDR=5 BRAM_W3_DOUT=3011ff2f wcache_indx=16
[P2] t=132217000 L3_RD counter=6 | BRAM_W3_ADDR=6 BRAM_W3_DOUT=f2e1b6c1 wcache_indx=20
[P2] t=132232000 L3_RD counter=7 | BRAM_W3_ADDR=7 BRAM_W3_DOUT=334ed1e4 wcache_indx=24
[P2] t=132248000 L3_RD counter=8 | BRAM_W3_ADDR=8 BRAM_W3_DOUT=fc2610d0 wcache_indx=28
[P2] t=132263000 L3_RD counter=9 | BRAM_W3_ADDR=9 BRAM_W3_DOUT=0deaf9f8 wcache_indx=32
[P2] t=132278000 L3_RD counter=10 | BRAM_W3_ADDR=10 BRAM_W3_DOUT=2fdad0c3 wcache_indx=36
[P2] t=132294000 L3_RD counter=11 | BRAM_W3_ADDR=11 BRAM_W3_DOUT=abc126c2 wcache_indx=40
[P2] t=132309000 L3_RD counter=12 | BRAM_W3_ADDR=12 BRAM_W3_DOUT=4a472438 wcache_indx=44
[P2] t=132325000 L3_RD counter=13 | BRAM_W3_ADDR=13 BRAM_W3_DOUT=340fdc05 wcache_indx=48
[P2] t=132340000 L3_RD counter=14 | BRAM_W3_ADDR=14 BRAM_W3_DOUT=1a0ce2f5 wcache_indx=52
[P2] t=132355000 L3_RD counter=15 | BRAM_W3_ADDR=15 BRAM_W3_DOUT=e3f6f54e wcache_indx=56
[P2] t=132371000 L3_RD counter=16 | BRAM_W3_ADDR=16 BRAM_W3_DOUT=5c500349 wcache_indx=60
[P1] t=132386000 wcache_indx=64 khi vao L3_EXE (can=64, neu thieu -> BUG A)
[P1] w_cache[ 0.. 7] PE0: 20522 ca f2 e4 e9 0c db db083
[P1] w_cache[ 8..15] PE1: 20522 0c b6 b7 09 e7 de f7026
[P1] w_cache[16..23] PE2: 20522 30 11 ff 2f f2 e1 b6193
[P1] w_cache[24..31] PE3: 20522 33 4e d1 e4 fc 26 10208
[P1] w_cache[32..39] PE4: 20522 0d ea f9 f8 2f da d0195
[P1] w_cache[40..47] PE5: 20522 ab c1 26 c2 4a 47 24056
[P1] w_cache[48..55] PE6: 20522 34 0f dc 05 1a 0c e2245
[P1] w_cache[56..63] PE7: 20522 e3 f6 f5 4e 5c 50 03073

========== CONV2 OUTPUT ==========
0 2 0 0 0 7 0 0 7 0 0 0 0 8 0 0 0 0 0 0 0 1 0 0 0 0 0 0 0 6 0 0 5 0 0 0 0 4 0 0 1 0 0 0 0 1 0 0 0 0 0 0 0 0 0 0 0 3 0 0 0 1 0 0 2 0 0 0 0 8 0 0 4 0 0 0 1 3 0 0 0 0 0 0 0 1 0 0 0 1 0 0 0 0 0 0 0 0 0 0 0 5 0 0 0 0 0 0 0 0 0 0 0 0 0 0 0 0 0 0 0 0 0 0 0 0 0 0 0 0 0 0 0 0 0 0 0 0 0 0 0 0 0 0 0 0 0 0 0 0 0 0 0 0 0 0 0 0 0 0 0 0 0 0 0 0 0 0 0 0 0 0 0 0 0 0 0 0 0 0 0 0 0 0 0 0 0 0 0 0 0 0 0 0 0 0 0 0 0 0 0 0 0 0 0 0 0 0 0 0 0 0 0 0 0 0 0 0 0 0 0 0 0 0 0 0 0 0 0 0 0 0 0 0 0 0 0 0 0 0 0 0 0 0 0 0 0 0 0 0 0 0 0 0 0 0 0 0 0 0 0 0 0 0 0 0 0 0 0 0 0 0 0 0 0 0 0 0 0 0 0 0 0 0 0 0 0 0 0 0 0 0 0 0 0 0 0 0 0 0 0 0 0 0 0 0 0 0 0 0 0 0 0 0 0 0 0 0 0 0 0 0 0 0 0 0 0 0 0 0 0 0 0 0 0 0 0 0 0 0 0 0 0 0 0 0 0 0 0 0 0 0 0 0 0 0 0 0 0 0 0 0 0 0 0 0 0 0 0 0 0 0 0 0 0 0 0 0 0 0 0 0 0 0 0 0 0 0 0 0 0 0 0 0 0 0 0 0 0 0 0 0 0 0 0 0 0 0 0 0 0 0 0 0 0 0 
==================================
[L3_RD] t=132463000 ch_batch=0 dense_cnt=1 | pe_pre_in[0..7]: 0 2 0 0 0 7 0 0
[L3_RD] t=132787000 ch_batch=0 dense_cnt=2 | pe_pre_in[0..7]: 7 0 0 0 0 8 0 0
[L3_RD] t=133110000 ch_batch=0 dense_cnt=3 | pe_pre_in[0..7]: 0 0 0 0 0 1 0 0
[L3_RD] t=133433000 ch_batch=0 dense_cnt=4 | pe_pre_in[0..7]: 0 0 0 0 0 6 0 0
[L3_RD] t=133757000 ch_batch=0 dense_cnt=5 | pe_pre_in[0..7]: 5 0 0 0 0 4 0 0
[L3_RD] t=134080000 ch_batch=0 dense_cnt=6 | pe_pre_in[0..7]: 1 0 0 0 0 1 0 0
[L3_RD] t=134404000 ch_batch=0 dense_cnt=7 | pe_pre_in[0..7]: 0 0 0 0 0 0 0 0
[L3_RD] t=134727000 ch_batch=0 dense_cnt=8 | pe_pre_in[0..7]: 0 3 0 0 0 1 0 0
[L3_RD] t=135050000 ch_batch=0 dense_cnt=9 | pe_pre_in[0..7]: 2 0 0 0 0 8 0 0
[P3] t=135374000 dense_cnt=10 | pe_pre_in: 4 0 0 0 1 3 0 0
[P3]   conv2_out_flat[bit_offset=640] raw bytes: 00 00 00 00 00 01 00 00
[L3_RD] t=135374000 ch_batch=0 dense_cnt=10 | pe_pre_in[0..7]: 4 0 0 0 1 3 0 0
[P3] t=135697000 dense_cnt=11 | pe_pre_in: 0 0 0 0 0 1 0 0
[P3]   conv2_out_flat[bit_offset=704] raw bytes: 00 01 00 00 00 00 00 00
[L3_RD] t=135697000 ch_batch=0 dense_cnt=11 | pe_pre_in[0..7]: 0 0 0 0 0 1 0 0
[P3] t=136021000 dense_cnt=12 | pe_pre_in: 0 1 0 0 0 0 0 0
[P3]   conv2_out_flat[bit_offset=768] raw bytes: 00 00 00 00 00 05 00 00
[L3_RD] t=136021000 ch_batch=0 dense_cnt=12 | pe_pre_in[0..7]: 0 1 0 0 0 0 0 0
[P3] t=136344000 dense_cnt=13 | pe_pre_in: 0 0 0 0 0 5 0 0
[P3]   conv2_out_flat[bit_offset=832] raw bytes: 00 00 00 00 00 00 00 00
[L3_RD] t=136344000 ch_batch=0 dense_cnt=13 | pe_pre_in[0..7]: 0 0 0 0 0 5 0 0
[L3_RD] t=136667000 ch_batch=0 dense_cnt=14 | pe_pre_in[0..7]: 0 0 0 0 0 0 0 0
[L3_RD] t=136991000 ch_batch=0 dense_cnt=15 | pe_pre_in[0..7]: 0 0 0 0 0 0 0 0
[L3_RD] t=137314000 ch_batch=0 dense_cnt=16 | pe_pre_in[0..7]: 0 0 0 0 0 0 0 0
[L3_RD] t=137638000 ch_batch=0 dense_cnt=17 | pe_pre_in[0..7]: 0 0 0 0 0 0 0 0
[L3_RD] t=137961000 ch_batch=0 dense_cnt=18 | pe_pre_in[0..7]: 0 0 0 0 0 0 0 0
[L3_RD] t=138284000 ch_batch=0 dense_cnt=19 | pe_pre_in[0..7]: 0 0 0 0 0 0 0 0
[L3_RD] t=138608000 ch_batch=0 dense_cnt=20 | pe_pre_in[0..7]: 0 0 0 0 0 0 0 0
[L3_RD] t=138931000 ch_batch=0 dense_cnt=21 | pe_pre_in[0..7]: 0 0 0 0 0 0 0 0
[L3_RD] t=139255000 ch_batch=0 dense_cnt=22 | pe_pre_in[0..7]: 0 0 0 0 0 0 0 0
[L3_RD] t=139578000 ch_batch=0 dense_cnt=23 | pe_pre_in[0..7]: 0 0 0 0 0 0 0 0
[L3_RD] t=139901000 ch_batch=0 dense_cnt=24 | pe_pre_in[0..7]: 0 0 0 0 0 0 0 0
[L3_RD] t=140225000 ch_batch=0 dense_cnt=25 | pe_pre_in[0..7]: 0 0 0 0 0 0 0 0
[L3_RD] t=140548000 ch_batch=0 dense_cnt=26 | pe_pre_in[0..7]: 0 0 0 0 0 0 0 0
[L3_RD] t=140872000 ch_batch=0 dense_cnt=27 | pe_pre_in[0..7]: 0 0 0 0 0 0 0 0
[L3_RD] t=141195000 ch_batch=0 dense_cnt=28 | pe_pre_in[0..7]: 0 0 0 0 0 0 0 0
[L3_RD] t=141518000 ch_batch=0 dense_cnt=29 | pe_pre_in[0..7]: 0 0 0 0 0 0 0 0
[L3_RD] t=141842000 ch_batch=0 dense_cnt=30 | pe_pre_in[0..7]: 0 0 0 0 0 0 0 0
[L3_RD] t=142165000 ch_batch=0 dense_cnt=31 | pe_pre_in[0..7]: 0 0 0 0 0 0 0 0
[L3_RD] t=142489000 ch_batch=0 dense_cnt=32 | pe_pre_in[0..7]: 0 0 0 0 0 0 0 0
[L3_RD] t=142812000 ch_batch=0 dense_cnt=33 | pe_pre_in[0..7]: 0 0 0 0 0 0 0 0
[L3_RD] t=143135000 ch_batch=0 dense_cnt=34 | pe_pre_in[0..7]: 0 0 0 0 0 0 0 0
[L3_RD] t=143459000 ch_batch=0 dense_cnt=35 | pe_pre_in[0..7]: 0 0 0 0 0 0 0 0
[L3_RD] t=143782000 ch_batch=0 dense_cnt=36 | pe_pre_in[0..7]: 0 0 0 0 0 0 0 0
[L3_RD] t=144106000 ch_batch=0 dense_cnt=37 | pe_pre_in[0..7]: 0 0 0 0 0 0 0 0
[L3_RD] t=144429000 ch_batch=0 dense_cnt=38 | pe_pre_in[0..7]: 0 0 0 0 0 0 0 0
[L3_RD] t=144752000 ch_batch=0 dense_cnt=39 | pe_pre_in[0..7]: 0 0 0 0 0 0 0 0
[L3_RD] t=145076000 ch_batch=0 dense_cnt=40 | pe_pre_in[0..7]: 0 0 0 0 0 0 0 0
[L3_RD] t=145399000 ch_batch=0 dense_cnt=41 | pe_pre_in[0..7]: 0 0 0 0 0 0 0 0
[L3_RD] t=145723000 ch_batch=0 dense_cnt=42 | pe_pre_in[0..7]: 0 0 0 0 0 0 0 0
[L3_RD] t=146046000 ch_batch=0 dense_cnt=43 | pe_pre_in[0..7]: 0 0 0 0 0 0 0 0
[L3_RD] t=146369000 ch_batch=0 dense_cnt=44 | pe_pre_in[0..7]: 0 0 0 0 0 0 0 0
[L3_RD] t=146693000 ch_batch=0 dense_cnt=45 | pe_pre_in[0..7]: 0 0 0 0 0 0 0 0
[L3_RD] t=147016000 ch_batch=0 dense_cnt=46 | pe_pre_in[0..7]: 0 0 0 0 0 0 0 0
[L3_RD] t=147340000 ch_batch=0 dense_cnt=47 | pe_pre_in[0..7]: 0 0 0 0 0 0 0 0
[L3_RD] t=147663000 ch_batch=0 dense_cnt=48 | pe_pre_in[0..7]: 0 0 0 0 0 0 0 0
[L3_RD] t=147986000 ch_batch=0 dense_cnt=49 | pe_pre_in[0..7]: 0 0 0 0 0 0 0 0
[L3_RD] t=148310000 ch_batch=0 dense_cnt=50 | pe_pre_in[0..7]: 0 0 0 0 0 0 0 0
[L3_RD] t=148633000 ch_batch=0 dense_cnt=51 | pe_pre_in[0..7]: 0 0 0 0 0 0 0 0
[L3_ACC51] t=148926000 ch_batch=0 | pe_out[0..7]: 523 0 838 591 0 318 1609 391
[L3_OUT] t=148941000 ch_batch=0 | dense1_psum[ch][0..7]: 523 0 838 591 0 318 1609 391
[L3_ACC51] t=165758000 ch_batch=1 | pe_out[0..7]: 231 1188 434 336 252 632 1190 0
[L3_OUT] t=165773000 ch_batch=1 | dense1_psum[ch][0..7]: 231 1188 434 336 252 632 1190 0
[L3_ACC51] t=182590000 ch_batch=2 | pe_out[0..7]: 395 590 153 327 170 959 914 573
[L3_OUT] t=182606000 ch_batch=2 | dense1_psum[ch][0..7]: 395 590 153 327 170 959 914 573
[L3_ACC51] t=199422000 ch_batch=3 | pe_out[0..7]: 224 1379 716 1075 0 503 716 120
[L3_OUT] t=199438000 ch_batch=3 | dense1_psum[ch][0..7]: 224 1379 716 1075 0 503 716 120
[L3_ACC51] t=216255000 ch_batch=4 | pe_out[0..7]: 342 484 236 0 171 1188 704 0
[L3_OUT] t=216270000 ch_batch=4 | dense1_psum[ch][0..7]: 342 484 236 0 171 1188 704 0
[L3_ACC51] t=233087000 ch_batch=5 | pe_out[0..7]: 590 0 566 441 933 677 0 332
[L3_OUT] t=233102000 ch_batch=5 | dense1_psum[ch][0..7]: 590 0 566 441 933 677 0 332

========== DENSE1 OUTPUT ==========
dense1[0] = 523
dense1[1] = 0
dense1[2] = 838
dense1[3] = 591
dense1[4] = 0
dense1[5] = 318
dense1[6] = 1609
dense1[7] = 391
dense1[8] = 231
dense1[9] = 1188
dense1[10] = 434
dense1[11] = 336
dense1[12] = 252
dense1[13] = 632
dense1[14] = 1190
dense1[15] = 0
dense1[16] = 395
dense1[17] = 590
dense1[18] = 153
dense1[19] = 327
dense1[20] = 170
dense1[21] = 959
dense1[22] = 914
dense1[23] = 573
dense1[24] = 224
dense1[25] = 1379
dense1[26] = 716
dense1[27] = 1075
dense1[28] = 0
dense1[29] = 503
dense1[30] = 716
dense1[31] = 120
dense1[32] = 342
dense1[33] = 484
dense1[34] = 236
dense1[35] = 0
dense1[36] = 171
dense1[37] = 1188
dense1[38] = 704
dense1[39] = 0
dense1[40] = 590
dense1[41] = 0
dense1[42] = 566
dense1[43] = 441
dense1[44] = 933
dense1[45] = 677
dense1[46] = 0
dense1[47] = 332
===================================

========== DENSE2 OUTPUT ==========
class0 = 118775
class1 = 84406
===================================

===== Inference Done =====
Simulation time = 233995.00 ns
Result (class)  = 0  => Class 0

--- [CHECK] conv2_out_flat trong pe_array (first 8 bytes) ---
  0 2 0 0 0 7 0 0 

--- Conv2 out [ch_batch][col_pos][PE] (non-zero only) ---
  conv2_out[ch0][col0][pe1] = 2  (idx=1)
  conv2_out[ch0][col0][pe5] = 7  (idx=5)
  conv2_out[ch0][col1][pe0] = 7  (idx=8)
  conv2_out[ch0][col1][pe5] = 8  (idx=13)
  conv2_out[ch0][col2][pe5] = 1  (idx=21)
  conv2_out[ch0][col3][pe5] = 6  (idx=29)
  conv2_out[ch0][col4][pe0] = 5  (idx=32)
  conv2_out[ch0][col4][pe5] = 4  (idx=37)
  conv2_out[ch0][col5][pe0] = 1  (idx=40)
  conv2_out[ch0][col5][pe5] = 1  (idx=45)
  conv2_out[ch0][col7][pe1] = 3  (idx=57)
  conv2_out[ch0][col7][pe5] = 1  (idx=61)
  conv2_out[ch0][col8][pe0] = 2  (idx=64)
  conv2_out[ch0][col8][pe5] = 8  (idx=69)
  conv2_out[ch0][col9][pe0] = 4  (idx=72)
  conv2_out[ch0][col9][pe4] = 1  (idx=76)
  conv2_out[ch0][col9][pe5] = 3  (idx=77)
  conv2_out[ch0][col10][pe5] = 1  (idx=85)
  conv2_out[ch0][col11][pe1] = 1  (idx=89)
  conv2_out[ch0][col12][pe5] = 5  (idx=101)

--- Dense1 output [6 batch x 8 neuron] ---
  batch[0]: 523 0 838 591 0 318 1609 391 
  batch[1]: 231 1188 434 336 252 632 1190 0 
  batch[2]: 395 590 153 327 170 959 914 573 
  batch[3]: 224 1379 716 1075 0 503 716 120 
  batch[4]: 342 484 236 0 171 1188 704 0 
  batch[5]: 590 0 566 441 933 677 0 332 

--- Dense2 scores ---
  dense2_psum[0] (Benign)  = 118775
  dense2_psum[1] (Malware) = 84406

--- Conv2 psum[ch0][col0..2][0..7] ---
  col0: 0 2 0 0 0 7 0 0 
  col1: 7 0 0 0 0 8 0 0 
  col2: 0 0 0 0 0 1 0 0 

--- MaxPool output (bram_if2.mem[0..7]) ---
  000000ff 004a00bf 00ff0000 0000000a 000000ff 004300ba 01ff0000 00000006 

--- w_cache[0..17] sau khi sim (L3/L4 weights sample) ---
  69 3f 00 00 ca 4d 00 00 e9 2c 00 00 b6 4c 00 00 2d e6 

--- bram_w3.mem[0..7] (Dense1 weight words) ---
  caf2e4e9 0cdbdb53 0cb6b709 e7def71a 3011ff2f f2e1b6c1 334ed1e4 fc2610d0 
$finish called at time : 233995300 ps : File "D:/PROJECT_CNX/fpga/cnx/src_cnx/cnn_tb.v" Line 320
